// Jest Snapshot v1, https://goo.gl/fbAQLP

exports[`NotebookList renders list of notebooks 1`] = `
<div
  class="sc-jzJRlG gATEGt"
  data-testid="notebook-list-page"
>
  <div
    class="sc-EHOje guJqFN"
  >
    <nav>
      <div
        class="sc-htpNat LvVay"
      >
        <span>
          DDArrow
        </span>
        <span
          id="more-options"
        >
          More Options
        </span>
      </div>
      <nav
        class="sc-bxivhb fjvDEI"
      >
        <a
          class="sc-ifAKCX frQXxE scroll-link"
          href="#Notebook1"
        >
          <div
            class="circle"
          />
          <span>
            Notebook1
          </span>
        </a>
        <a
          class="sc-ifAKCX bjFYnq scroll-link"
          href="#Notebook2"
        >
          <div
            class="circle circle-last-child"
          />
          <span>
            Notebook2
          </span>
        </a>
      </nav>
      <button>
        Log Out
      </button>
    </nav>
  </div>
  <div
    id="main-content"
  >
    <div
      class="sc-bwzfXH jCcQAv"
    >
      <h1>
        Notebooks
      </h1>
      <svg
        class="sc-bdVaJa giaiHc"
        id="Capa_1"
        version="1.1"
        viewBox="0 0 310.42 310.42"
        x="0"
        xmlns="http://www.w3.org/2000/svg"
        y="0"
      >
        <g>
          <g>
            <path
              d="M273.587 214.965c49.11-49.111 49.109-129.021 0-178.132-49.111-49.111-129.02-49.111-178.13 0C53.793 78.497 47.483 140.462 76.51 188.85c0 0 2.085 3.498-.731 6.312l-64.263 64.263c-12.791 12.79-15.836 30.675-4.493 42.02l1.953 1.951c11.343 11.345 29.229 8.301 42.019-4.49l64.128-64.128c2.951-2.951 6.448-.866 6.448-.866 48.387 29.026 110.352 22.717 152.016-18.947zM118.711 191.71c-36.288-36.288-36.287-95.332.001-131.62 36.288-36.287 95.332-36.288 131.619 0 36.288 36.287 36.288 95.332 0 131.62-36.288 36.286-95.331 36.286-131.62 0z"
            />
            <g>
              <path
                d="M126.75 118.424c-1.689 0-3.406-.332-5.061-1.031-6.611-2.798-9.704-10.426-6.906-17.038 17.586-41.559 65.703-61.062 107.261-43.476 6.611 2.798 9.704 10.426 6.906 17.038-2.799 6.612-10.425 9.703-17.039 6.906-28.354-11.998-61.186 1.309-73.183 29.663-2.099 4.959-6.913 7.938-11.978 7.938z"
              />
            </g>
          </g>
        </g>
      </svg>
    </div>
    <div
      class="sc-htoDjs kStOlp"
      id="modal"
    />
    <div
      id="notebook-list"
    >
      <div
        class="sc-fjdhpX fiEohR"
        id="Notebook1"
      >
        <div
          id="title-and-tags"
        >
          <a
            href="/app/notebook/1/sub-categories"
          >
            <div
              class="title-container"
            >
              <h3>
                Notebook1
              </h3>
            </div>
          </a>
        </div>
        <div
          id="icons"
        >
          <svg
            class="sc-bdVaJa giaiHc"
            id="Layer_1"
            version="1.1"
            viewBox="0 0 512 512"
            x="0"
            xmlns="http://www.w3.org/2000/svg"
            y="0"
          >
            <g>
              <g>
                <path
                  d="M436 60h-75V45c0-24.813-20.187-45-45-45H196c-24.813 0-45 20.187-45 45v15H76c-24.813 0-45 20.187-45 45 0 19.928 13.025 36.861 31.005 42.761L88.76 470.736C90.687 493.875 110.385 512 133.604 512h244.792c23.22 0 42.918-18.125 44.846-41.271l26.753-322.969C467.975 141.861 481 124.928 481 105c0-24.813-20.187-45-45-45zM181 45c0-8.271 6.729-15 15-15h120c8.271 0 15 6.729 15 15v15H181V45zm212.344 423.246c-.643 7.712-7.208 13.754-14.948 13.754H133.604c-7.739 0-14.305-6.042-14.946-13.747L92.294 150h327.412l-26.362 318.246zM436 120H76c-8.271 0-15-6.729-15-15s6.729-15 15-15h360c8.271 0 15 6.729 15 15s-6.729 15-15 15z"
                />
              </g>
            </g>
            <g>
              <g>
                <path
                  d="M195.971 436.071l-15-242c-.513-8.269-7.67-14.558-15.899-14.043-8.269.513-14.556 7.631-14.044 15.899l15 242.001c.493 7.953 7.097 14.072 14.957 14.072 8.687 0 15.519-7.316 14.986-15.929z"
                />
              </g>
            </g>
            <g>
              <g>
                <path
                  d="M256 180c-8.284 0-15 6.716-15 15v242c0 8.284 6.716 15 15 15s15-6.716 15-15V195c0-8.284-6.716-15-15-15z"
                />
              </g>
            </g>
            <g>
              <g>
                <path
                  d="M346.927 180.029c-8.25-.513-15.387 5.774-15.899 14.043l-15 242c-.511 8.268 5.776 15.386 14.044 15.899 8.273.512 15.387-5.778 15.899-14.043l15-242c.512-8.269-5.775-15.387-14.044-15.899z"
                />
              </g>
            </g>
          </svg>
        </div>
      </div>
      <div
        class="sc-fjdhpX cCYHQd"
        id="Notebook2"
      >
        <div
          id="title-and-tags"
        >
          <a
            href="/app/notebook/2/sub-categories"
          >
            <div
              class="title-container"
            >
              <h3>
                Notebook2
              </h3>
            </div>
          </a>
        </div>
        <div
          id="icons"
        >
          <svg
            class="sc-bdVaJa giaiHc"
            id="Layer_1"
            version="1.1"
            viewBox="0 0 512 512"
            x="0"
            xmlns="http://www.w3.org/2000/svg"
            y="0"
          >
            <g>
              <g>
                <path
                  d="M436 60h-75V45c0-24.813-20.187-45-45-45H196c-24.813 0-45 20.187-45 45v15H76c-24.813 0-45 20.187-45 45 0 19.928 13.025 36.861 31.005 42.761L88.76 470.736C90.687 493.875 110.385 512 133.604 512h244.792c23.22 0 42.918-18.125 44.846-41.271l26.753-322.969C467.975 141.861 481 124.928 481 105c0-24.813-20.187-45-45-45zM181 45c0-8.271 6.729-15 15-15h120c8.271 0 15 6.729 15 15v15H181V45zm212.344 423.246c-.643 7.712-7.208 13.754-14.948 13.754H133.604c-7.739 0-14.305-6.042-14.946-13.747L92.294 150h327.412l-26.362 318.246zM436 120H76c-8.271 0-15-6.729-15-15s6.729-15 15-15h360c8.271 0 15 6.729 15 15s-6.729 15-15 15z"
                />
              </g>
            </g>
            <g>
              <g>
                <path
                  d="M195.971 436.071l-15-242c-.513-8.269-7.67-14.558-15.899-14.043-8.269.513-14.556 7.631-14.044 15.899l15 242.001c.493 7.953 7.097 14.072 14.957 14.072 8.687 0 15.519-7.316 14.986-15.929z"
                />
              </g>
            </g>
            <g>
              <g>
                <path
                  d="M256 180c-8.284 0-15 6.716-15 15v242c0 8.284 6.716 15 15 15s15-6.716 15-15V195c0-8.284-6.716-15-15-15z"
                />
              </g>
            </g>
            <g>
              <g>
                <path
                  d="M346.927 180.029c-8.25-.513-15.387 5.774-15.899 14.043l-15 242c-.511 8.268 5.776 15.386 14.044 15.899 8.273.512 15.387-5.778 15.899-14.043l15-242c.512-8.269-5.775-15.387-14.044-15.899z"
                />
              </g>
            </g>
          </svg>
        </div>
      </div>
    </div>
    <button>
      Load More
    </button>
  </div>
</div>
`;
